// Bun Snapshot v1, https://goo.gl/fbAQLP

exports[`generate html from markdown 1`] = `
VFile {
  "cwd": "/home/bi3ri/openguide_ws/open-guide-builder",
  "data": {},
  "history": [],
  "messages": [],
  "value": 
"<h1>h1 Heading 8-)</h1>
<h2>h2 Heading</h2>
<h3>h3 Heading</h3>
<h4>h4 Heading</h4>
<h5>h5 Heading</h5>
<h6>h6 Heading</h6>
<p>Horizontal Rules</p>
<p>Some text above</p>
<hr>
<p>Some text in the middle</p>
<hr>
<p>Some text below</p>
<p>Emphasis</p>
<p><strong>This is bold text</strong></p>
<p><strong>This is bold text</strong></p>
<p><em>This is italic text</em></p>
<p><em>This is italic text</em></p>
<p>~~Strikethrough~~</p>
<p>Blockquotes</p>
<blockquote>
<p>Blockquotes can also be nested...</p>
<blockquote>
<p>...by using additional greater-than signs right next to each other...</p>
<blockquote>
<p>...or with spaces between arrows.</p>
</blockquote>
</blockquote>
</blockquote>
<p>Lists</p>
<p>Unordered</p>
<ul>
<li>
<p>Create a list by starting a line with +, -, or *</p>
</li>
<li>
<p>Sub-lists are made by indenting 2 spaces:</p>
<ul>
<li>Marker character change forces new list start:
<ul>
<li>Ac tristique libero volutpat at</li>
<li>Facilisis in pretium nisl aliquet. This is a very long list item that will surely wrap onto the next line.</li>
<li>Nulla volutpat aliquam velit</li>
</ul>
</li>
</ul>
</li>
<li>
<p>Very easy!</p>
<p>Ordered</p>
<ol>
<li>Lorem ipsum dolor sit amet</li>
<li>Consectetur adipiscing elit. This is a very long list item that will surely wrap onto the next line.</li>
<li>Integer molestie lorem at massa</li>
</ol>
<p>Start numbering with offset:</p>
<ol start="57">
<li>foo</li>
<li>bar</li>
</ol>
</li>
</ul>
<p>Code</p>
<p>Inline <code>code</code></p>
<p>Indented code</p>
<pre><code>  // Some comments
  line 1 of code
  line 2 of code
  line 3 of code
</code></pre>
<p>Block code "fences"</p>
<pre><code>Sample text here...
</code></pre>
<p>Syntax highlighting</p>
<pre><code class="language-js">var foo = function (bar) {
  return bar++;
};

console.log(foo(5));
</code></pre>
<p>Tables</p>
<p>| Option | Description |
| ------ | ----------- |
| data   | path to data files to supply the data that will be passed into templates. |
| engine | engine to be used for processing templates. Handlebars is the default. |
| ext    | extension to be used for dest files. |</p>
<p>Right aligned columns</p>
<p>| Option | Description |
| ------:| -----------:|
| data   | path to data files to supply the data that will be passed into templates. |
| engine | engine to be used for processing templates. Handlebars is the default. |
| ext    | extension to be used for dest files. |</p>
<p>Links</p>
<p><a href="https://www.google.com">link text</a></p>
<p><a href="https://www.google.com" title="title text!">link with title</a></p>
<p>Autoconverted link <a href="https://www.google.com">https://www.google.com</a> (enable linkify to see)</p>
<p>Images</p>
<img src="https://octodex.github.com/images/minion.png" alt="Minion">
<p>
</p>
<img src="https://octodex.github.com/images/stormtroopocat.jpg" alt="Stormtroopocat" title="The Stormtroopocat">
<p>Like links, Images also have a footnote style syntax</p>
<p><img src="https://octodex.github.com/images/dojocat.jpg" alt="Alt text" title="The Dojocat"></p>
<p>With a reference later in the document defining the URL location:</p>
<p>Typographic Replacements</p>
<p>Enable typographer option to see result.</p>
<p>(c) (C) (r) (R) (tm) (TM) (p) (P) +-</p>
<p>test.. test... test..... test?..... test!....</p>
<p>!!!!!! ???? ,,  -- ---</p>
<p>"Smartypants, double quotes" and 'single quotes'</p>"
,
}
`;
